main :: IO ()
main = pure ()

test :: Bool -> Bool
test x = case x of
  SPLIT -> True
  _ -> False
