module Case7 where

main :: IO ()
main = pure ()

data D
  = C1
  | C2
  | C3
  | C4
  | C5
  | C6
  | C7
  | C8
  | C9

test :: D -> Bool
test d =
 case d of
  C1 -> False
  C2 -> False
  C3 -> False
  C4 -> False
  C5 -> False
  C6 -> False
  C7 -> False
  C8 -> False
  C9 -> False
