module Case1 where

main :: IO ()
main = pure ()

test :: Maybe Bool -> Bool
test x = case x of
  Nothing -> True
  Just _ -> True
