module Case4 where

main :: IO ()
main = pure ()

test :: (Bool, Bool) -> Bool
test x =
 case x of
  (_, _) -> False
