module Case3 where

main :: IO ()
main = pure ()

test :: Maybe Bool -> Bool -> Bool
test x y = case x of
  -- 1
  Nothing ->
    case y of
      False -> False
      True -> False
  -- 2
  Just False -> True
  Just True -> True
  -- 3
