module Case1 where

main :: IO ()
main = pure ()

test :: Maybe Bool -> Bool
test x = case x of
  -- 1
  Nothing -> False
  -- 2
  Just False -> True
  Just True -> True
  -- 3
