import qualified Import2 as I
import           Import

main :: IO ()
main = pure ()

test :: Foo -> Bool
test x = case x of
  Foo -> True
  Bar -> True
  Baz -> True
