main :: IO ()
main = pure ()

test :: Bool -> Bool -> Bool
test x y = case x of
  False -> case y of
    False -> False
    True -> False
  True -> case y of
    False -> False
    True -> False
