module Case4 where

main :: IO ()
main = pure ()

test :: Bool -> Bool
test x = --test
 case x of
  False -> False
  True -> False
