{-# LANGUAGE OrPatterns #-}
import           Import

main :: IO ()
main = pure ()

test :: Foo -> Bool
test x = case x of
  (Foo; Bar) -> True
  Baz -> True

test2 :: Foo -> Bool
test2 x = case x of
  ( Foo; Bar) -> True
  Baz -> True
