import qualified Import as I

main :: IO ()
main = pure ()

test :: I.Foo -> Bool
test I.Foo = True
test I.Bar = True
test I.Baz = True
