module LambdaCase1 where

import qualified Reexport as R

main :: IO ()
main = pure ()

test :: R.Foo -> Bool
test R.Foo = True
test R.Bar = True
test R.Baz = True
