import Import

main :: IO ()
main = pure ()

test :: Foo -> Bool
test foo = f foo
  where
    f :: Foo -> Bool
    f Foo = True
    f Bar = True
    f Baz = True
