module LambdaCases1 where

main :: IO ()
main = pure ()

test :: Bool -> Bool -> Bool
test = \cases
  False _ -> False
  True _ -> False
