module LambdaCase1 where

main :: IO ()
main = pure ()

test :: Bool -> Bool
test = \case
  False -> False
  True -> False
