main :: IO ()
main = pure ()

test :: Bool -> Bool -> Bool
test = \cases
  _ False -> False
  _ True -> False
